effect/t2_catch_tag/0 repair fail tsc=true
effect/t3_retry/0 repair fail tsc=false
effect/t4_until_full/0 repair fail tsc=false
promise/t4_until_full/0 repair fail tsc=false
effect/t5_salvage/0 repair fail tsc=false
effect/t6_finalizer/0 repair fail tsc=false
effect/t8_schema/0 repair fail tsc=true
effect/t9_missions/0 repair fail tsc=true
effect/t10_composed/0 repair fail tsc=false
promise/t10_composed/0 repair fail tsc=true
effect/t2_catch_tag/1 repair fail tsc=true
effect/t3_retry/1 repair fail tsc=false
effect/t4_until_full/1 repair fail tsc=false
effect/t5_salvage/1 repair fail tsc=false
effect/t8_schema/1 repair fail tsc=false
promise/t8_schema/1 repair fail tsc=false
effect/t9_missions/1 repair fail tsc=false
effect/t10_composed/1 repair fail tsc=false
effect/t1_sequence/2 repair fail tsc=false
promise/t1_sequence/2 repair PASS tsc=true
effect/t3_retry/2 repair fail tsc=false
effect/t4_until_full/2 repair fail tsc=false
effect/t5_salvage/2 repair fail tsc=false
effect/t7_parallel/2 repair PASS tsc=true
effect/t8_schema/2 repair fail tsc=false
promise/t8_schema/2 repair fail tsc=false
effect/t9_missions/2 repair PASS tsc=true
promise/t9_missions/2 repair PASS tsc=true
effect/t10_composed/2 repair fail tsc=false
effect/t1_sequence/3 repair PASS tsc=true
effect/t2_catch_tag/3 repair fail tsc=true
effect/t3_retry/3 repair fail tsc=false
effect/t4_until_full/3 repair fail tsc=false
effect/t5_salvage/3 repair fail tsc=false
effect/t7_parallel/3 repair PASS tsc=true
promise/t7_parallel/3 repair fail tsc=true
effect/t8_schema/3 repair fail tsc=false
effect/t9_missions/3 repair fail tsc=false
effect/t10_composed/3 repair fail tsc=false
promise/t1_sequence/4 repair PASS tsc=true
effect/t2_catch_tag/4 repair PASS tsc=true
promise/t2_catch_tag/4 repair fail tsc=true
effect/t3_retry/4 repair fail tsc=false
effect/t4_until_full/4 repair fail tsc=true
effect/t7_parallel/4 repair PASS tsc=true
effect/t8_schema/4 repair fail tsc=false
promise/t8_schema/4 repair fail tsc=true
effect/t9_missions/4 repair fail tsc=false
effect/t10_composed/4 repair fail tsc=false
promise/t10_composed/4 repair fail tsc=true
