promise/t1_sequence/2 repair PASS tsc=true
promise/t8_schema/2 repair PASS tsc=true
promise/t7_parallel/3 repair PASS tsc=true
promise/t8_schema/3 repair PASS tsc=true
promise/t2_catch_tag/4 repair PASS tsc=true
promise/t8_schema/4 repair PASS tsc=true
result/t1_sequence/0 repair PASS tsc=true
result/t1_sequence/1 repair PASS tsc=true
result/t3_retry/1 repair PASS tsc=true
result/t4_until_full/1 repair fail tsc=true
result/t1_sequence/2 repair PASS tsc=true
result/t10_composed/2 repair fail tsc=false
result/t3_retry/3 repair PASS tsc=true
result/t4_until_full/3 repair PASS tsc=true
result/t5_salvage/3 repair PASS tsc=true
result/t6_finalizer/3 repair PASS tsc=true
result/t9_missions/3 repair PASS tsc=true
result/t10_composed/3 repair fail tsc=true
result/t8_schema/4 repair PASS tsc=true
result/t9_missions/4 repair PASS tsc=true
result/t10_composed/4 repair PASS tsc=true
